Using project 'D:\FLUTTER\HUNGER POS APP\backend\SarjuPos.API\SarjuPos.API.csproj'.
Using startup project 'D:\FLUTTER\HUNGER POS APP\backend\SarjuPos.API\SarjuPos.API.csproj'.
dotnet msbuild /getProperty:ProjectName /getProperty:AssemblyName /getProperty:DesignAssembly /getProperty:Language /getProperty:OutputPath /getProperty:PlatformTarget /getProperty:ProjectAssetsFile /getProperty:ProjectDir /getProperty:RootNamespace /getProperty:RuntimeFrameworkVersion /getProperty:TargetFileName /getProperty:TargetFrameworkMoniker /getProperty:Nullable /getProperty:TargetFramework /getProperty:TargetPlatformIdentifier /getProperty:Platform /t:ResolvePackageAssets /getItem:RuntimeCopyLocalItems "D:\FLUTTER\HUNGER POS APP\backend\SarjuPos.API\SarjuPos.API.csproj"
dotnet msbuild /getProperty:ProjectName /getProperty:AssemblyName /getProperty:DesignAssembly /getProperty:Language /getProperty:OutputPath /getProperty:PlatformTarget /getProperty:ProjectAssetsFile /getProperty:ProjectDir /getProperty:RootNamespace /getProperty:RuntimeFrameworkVersion /getProperty:TargetFileName /getProperty:TargetFrameworkMoniker /getProperty:Nullable /getProperty:TargetFramework /getProperty:TargetPlatformIdentifier /getProperty:Platform /t:ResolvePackageAssets /getItem:RuntimeCopyLocalItems "D:\FLUTTER\HUNGER POS APP\backend\SarjuPos.API\SarjuPos.API.csproj"
Build started...
dotnet build "D:\FLUTTER\HUNGER POS APP\backend\SarjuPos.API\SarjuPos.API.csproj" /verbosity:quiet /nologo /p:PublishAot=false

Build succeeded.
    0 Warning(s)
    0 Error(s)

Time Elapsed 00:00:01.24

Build succeeded.
dotnet exec --depsfile "D:\FLUTTER\HUNGER POS APP\backend\SarjuPos.API\bin\Debug\net8.0\SarjuPos.API.deps.json" --additionalprobingpath C:\Users\Administrator\.nuget\packages --additionalprobingpath "C:\Program Files\DevExpress 25.1\Components\Offline Packages" --additionalprobingpath "C:\Program Files (x86)\Microsoft Visual Studio\Shared\NuGetPackages" --runtimeconfig "D:\FLUTTER\HUNGER POS APP\backend\SarjuPos.API\bin\Debug\net8.0\SarjuPos.API.runtimeconfig.json" C:\Users\Administrator\.dotnet\tools\.store\dotnet-ef\10.0.5\dotnet-ef\10.0.5\tools\net8.0\any\tools\net8.0\any\ef.dll database update --assembly "D:\FLUTTER\HUNGER POS APP\backend\SarjuPos.API\bin\Debug\net8.0\SarjuPos.API.dll" --project "D:\FLUTTER\HUNGER POS APP\backend\SarjuPos.API\SarjuPos.API.csproj" --startup-assembly "D:\FLUTTER\HUNGER POS APP\backend\SarjuPos.API\bin\Debug\net8.0\SarjuPos.API.dll" --startup-project "D:\FLUTTER\HUNGER POS APP\backend\SarjuPos.API\SarjuPos.API.csproj" --project-dir "D:\FLUTTER\HUNGER POS APP\backend\SarjuPos.API\\" --root-namespace SarjuPos.API --language C# --framework net8.0 --design-assembly C:\Users\Administrator\.nuget\packages\microsoft.entityframeworkcore.design\8.0.0\lib\net8.0\Microsoft.EntityFrameworkCore.Design.dll --nullable --working-dir "D:\FLUTTER\HUNGER POS APP\backend\SarjuPos.API" --verbose
Using assembly 'SarjuPos.API'.
Using startup assembly 'SarjuPos.API'.
Using application base 'D:\FLUTTER\HUNGER POS APP\backend\SarjuPos.API\bin\Debug\net8.0'.
Using working directory 'D:\FLUTTER\HUNGER POS APP\backend\SarjuPos.API'.
Using root namespace 'SarjuPos.API'.
Using project directory 'D:\FLUTTER\HUNGER POS APP\backend\SarjuPos.API\'.
Remaining arguments: .
Finding DbContext classes...
Finding IDesignTimeDbContextFactory implementations...
Found IDesignTimeDbContextFactory implementation 'DesignTimeDbContextFactory'.
Found DbContext 'ApplicationDbContext'.
Finding application service provider in assembly 'SarjuPos.API'...
Finding Microsoft.Extensions.Hosting service provider...
Using environment 'Development'.
Using application service provider from Microsoft.Extensions.Hosting.
Finding DbContext classes in the project...
Using DbContext factory 'DesignTimeDbContextFactory'.
Using context 'ApplicationDbContext'.
Microsoft.EntityFrameworkCore.Design.OperationException: Unable to create a 'DbContext' of type ''. The exception 'The binary operator Equal is not defined for the types 'System.Int32' and 'System.Nullable`1[System.Int32]'.' was thrown while attempting to create an instance. For the different patterns supported at design time, see https://go.microsoft.com/fwlink/?linkid=851728
 ---> System.InvalidOperationException: The binary operator Equal is not defined for the types 'System.Int32' and 'System.Nullable`1[System.Int32]'.
   at System.Linq.Expressions.Expression.GetEqualityComparisonOperator(ExpressionType binaryType, String opName, Expression left, Expression right, Boolean liftToNull)
   at System.Linq.Expressions.Expression.Equal(Expression left, Expression right, Boolean liftToNull, MethodInfo method)
   at SarjuPos.API.Data.ApplicationDbContext.OnModelCreating(ModelBuilder modelBuilder) in D:\FLUTTER\HUNGER POS APP\backend\SarjuPos.API\Data\ApplicationDbContext.cs:line 52
   at Microsoft.EntityFrameworkCore.Infrastructure.ModelCustomizer.Customize(ModelBuilder modelBuilder, DbContext context)
   at Microsoft.EntityFrameworkCore.Infrastructure.ModelSource.CreateModel(DbContext context, IConventionSetBuilder conventionSetBuilder, ModelDependencies modelDependencies)
   at Microsoft.EntityFrameworkCore.Infrastructure.ModelSource.GetModel(DbContext context, ModelCreationDependencies modelCreationDependencies, Boolean designTime)
   at Microsoft.EntityFrameworkCore.Internal.DbContextServices.CreateModel(Boolean designTime)
   at Microsoft.EntityFrameworkCore.Internal.DbContextServices.get_Model()
   at Microsoft.EntityFrameworkCore.Infrastructure.EntityFrameworkServicesBuilder.<>c.<TryAddCoreServices>b__8_4(IServiceProvider p)
   at Microsoft.Extensions.DependencyInjection.ServiceLookup.CallSiteVisitor`2.VisitCallSiteMain(ServiceCallSite callSite, TArgument argument)
   at Microsoft.Extensions.DependencyInjection.ServiceLookup.CallSiteRuntimeResolver.VisitCache(ServiceCallSite callSite, RuntimeResolverContext context, ServiceProviderEngineScope serviceProviderEngine, RuntimeResolverLock lockType)
   at Microsoft.Extensions.DependencyInjection.ServiceLookup.CallSiteRuntimeResolver.VisitScopeCache(ServiceCallSite callSite, RuntimeResolverContext context)
   at Microsoft.Extensions.DependencyInjection.ServiceLookup.CallSiteVisitor`2.VisitCallSite(ServiceCallSite callSite, TArgument argument)
   at Microsoft.Extensions.DependencyInjection.ServiceLookup.CallSiteRuntimeResolver.VisitConstructor(ConstructorCallSite constructorCallSite, RuntimeResolverContext context)
   at Microsoft.Extensions.DependencyInjection.ServiceLookup.CallSiteVisitor`2.VisitCallSiteMain(ServiceCallSite callSite, TArgument argument)
   at Microsoft.Extensions.DependencyInjection.ServiceLookup.CallSiteRuntimeResolver.VisitCache(ServiceCallSite callSite, RuntimeResolverContext context, ServiceProviderEngineScope serviceProviderEngine, RuntimeResolverLock lockType)
   at Microsoft.Extensions.DependencyInjection.ServiceLookup.CallSiteRuntimeResolver.VisitScopeCache(ServiceCallSite callSite, RuntimeResolverContext context)
   at Microsoft.Extensions.DependencyInjection.ServiceLookup.CallSiteVisitor`2.VisitCallSite(ServiceCallSite callSite, TArgument argument)
   at Microsoft.Extensions.DependencyInjection.ServiceLookup.CallSiteRuntimeResolver.VisitConstructor(ConstructorCallSite constructorCallSite, RuntimeResolverContext context)
   at Microsoft.Extensions.DependencyInjection.ServiceLookup.CallSiteVisitor`2.VisitCallSiteMain(ServiceCallSite callSite, TArgument argument)
   at Microsoft.Extensions.DependencyInjection.ServiceLookup.CallSiteRuntimeResolver.VisitCache(ServiceCallSite callSite, RuntimeResolverContext context, ServiceProviderEngineScope serviceProviderEngine, RuntimeResolverLock lockType)
   at Microsoft.Extensions.DependencyInjection.ServiceLookup.CallSiteRuntimeResolver.VisitScopeCache(ServiceCallSite callSite, RuntimeResolverContext context)
   at Microsoft.Extensions.DependencyInjection.ServiceLookup.CallSiteVisitor`2.VisitCallSite(ServiceCallSite callSite, TArgument argument)
   at Microsoft.Extensions.DependencyInjection.ServiceLookup.CallSiteRuntimeResolver.VisitConstructor(ConstructorCallSite constructorCallSite, RuntimeResolverContext context)
   at Microsoft.Extensions.DependencyInjection.ServiceLookup.CallSiteVisitor`2.VisitCallSiteMain(ServiceCallSite callSite, TArgument argument)
   at Microsoft.Extensions.DependencyInjection.ServiceLookup.CallSiteRuntimeResolver.VisitCache(ServiceCallSite callSite, RuntimeResolverContext context, ServiceProviderEngineScope serviceProviderEngine, RuntimeResolverLock lockType)
   at Microsoft.Extensions.DependencyInjection.ServiceLookup.CallSiteRuntimeResolver.VisitScopeCache(ServiceCallSite callSite, RuntimeResolverContext context)
   at Microsoft.Extensions.DependencyInjection.ServiceLookup.CallSiteVisitor`2.VisitCallSite(ServiceCallSite callSite, TArgument argument)
   at Microsoft.Extensions.DependencyInjection.ServiceLookup.CallSiteRuntimeResolver.VisitConstructor(ConstructorCallSite constructorCallSite, RuntimeResolverContext context)
   at Microsoft.Extensions.DependencyInjection.ServiceLookup.CallSiteVisitor`2.VisitCallSiteMain(ServiceCallSite callSite, TArgument argument)
   at Microsoft.Extensions.DependencyInjection.ServiceLookup.CallSiteRuntimeResolver.VisitCache(ServiceCallSite callSite, RuntimeResolverContext context, ServiceProviderEngineScope serviceProviderEngine, RuntimeResolverLock lockType)
   at Microsoft.Extensions.DependencyInjection.ServiceLookup.CallSiteRuntimeResolver.VisitScopeCache(ServiceCallSite callSite, RuntimeResolverContext context)
   at Microsoft.Extensions.DependencyInjection.ServiceLookup.CallSiteVisitor`2.VisitCallSite(ServiceCallSite callSite, TArgument argument)
   at Microsoft.Extensions.DependencyInjection.ServiceLookup.CallSiteRuntimeResolver.VisitConstructor(ConstructorCallSite constructorCallSite, RuntimeResolverContext context)
   at Microsoft.Extensions.DependencyInjection.ServiceLookup.CallSiteVisitor`2.VisitCallSiteMain(ServiceCallSite callSite, TArgument argument)
   at Microsoft.Extensions.DependencyInjection.ServiceLookup.CallSiteRuntimeResolver.VisitCache(ServiceCallSite callSite, RuntimeResolverContext context, ServiceProviderEngineScope serviceProviderEngine, RuntimeResolverLock lockType)
   at Microsoft.Extensions.DependencyInjection.ServiceLookup.CallSiteRuntimeResolver.VisitScopeCache(ServiceCallSite callSite, RuntimeResolverContext context)
   at Microsoft.Extensions.DependencyInjection.ServiceLookup.CallSiteVisitor`2.VisitCallSite(ServiceCallSite callSite, TArgument argument)
   at Microsoft.Extensions.DependencyInjection.ServiceLookup.CallSiteRuntimeResolver.Resolve(ServiceCallSite callSite, ServiceProviderEngineScope scope)
   at Microsoft.Extensions.DependencyInjection.ServiceLookup.DynamicServiceProviderEngine.<>c__DisplayClass2_0.<RealizeService>b__0(ServiceProviderEngineScope scope)
   at Microsoft.Extensions.DependencyInjection.ServiceProvider.GetService(ServiceIdentifier serviceIdentifier, ServiceProviderEngineScope serviceProviderEngineScope)
   at Microsoft.Extensions.DependencyInjection.ServiceLookup.ServiceProviderEngineScope.GetService(Type serviceType)
   at Microsoft.Extensions.DependencyInjection.ServiceProviderServiceExtensions.GetRequiredService(IServiceProvider provider, Type serviceType)
   at Microsoft.Extensions.DependencyInjection.ServiceProviderServiceExtensions.GetRequiredService[T](IServiceProvider provider)
   at Microsoft.EntityFrameworkCore.DbContext.get_DbContextDependencies()
   at Microsoft.EntityFrameworkCore.DbContext.get_ContextServices()
   at Microsoft.EntityFrameworkCore.DbContext.get_InternalServiceProvider()
   at Microsoft.EntityFrameworkCore.DbContext.Microsoft.EntityFrameworkCore.Infrastructure.IInfrastructure<System.IServiceProvider>.get_Instance()
   at Microsoft.EntityFrameworkCore.Infrastructure.Internal.InfrastructureExtensions.GetService(IInfrastructure`1 accessor, Type serviceType)
   at Microsoft.EntityFrameworkCore.Infrastructure.Internal.InfrastructureExtensions.GetService[TService](IInfrastructure`1 accessor)
   at Microsoft.EntityFrameworkCore.Infrastructure.AccessorExtensions.GetService[TService](IInfrastructure`1 accessor)
   at Microsoft.EntityFrameworkCore.Design.Internal.DbContextOperations.CreateContext(String contextType)
   --- End of inner exception stack trace ---
   at Microsoft.EntityFrameworkCore.Design.Internal.DbContextOperations.CreateContext(String contextType)
   at Microsoft.EntityFrameworkCore.Design.Internal.MigrationsOperations.UpdateDatabase(String targetMigration, String connectionString, String contextType)
   at Microsoft.EntityFrameworkCore.Design.OperationExecutor.UpdateDatabaseImpl(String targetMigration, String connectionString, String contextType)
   at Microsoft.EntityFrameworkCore.Design.OperationExecutor.UpdateDatabase.<>c__DisplayClass0_0.<.ctor>b__0()
   at Microsoft.EntityFrameworkCore.Design.OperationExecutor.OperationBase.Execute(Action action)
Unable to create a 'DbContext' of type ''. The exception 'The binary operator Equal is not defined for the types 'System.Int32' and 'System.Nullable`1[System.Int32]'.' was thrown while attempting to create an instance. For the different patterns supported at design time, see https://go.microsoft.com/fwlink/?linkid=851728
